// Jest Snapshot v1, https://goo.gl/fbAQLP

exports[`pruebas en <TodoApp/> debe mostrarse correctamente 1`] = `
<div>
  <h1>
    Todo App 
    <small>
      (
      0
      )
    </small>
  </h1>
  <hr />
  <div
    className="row"
  >
    <div
      className="col-sm-7"
    >
      <TodoList
        handleDelete={[Function]}
        handleToogle={[Function]}
        todos={Array []}
      />
    </div>
    <div
      className="col-sm-5"
    >
      <TodoAdd
        handleAddTodo={[Function]}
      />
    </div>
  </div>
</div>
`;
