// Jest Snapshot v1, https://goo.gl/fbAQLP

exports[`pruebas sobre <TodoList /> debe mostrar correctamente el componente  1`] = `
<ul
  className="list-group list-group-flush"
>
  <TodoListItem
    handleDelete={[MockFunction]}
    handleToogle={[MockFunction]}
    i={0}
    key="1"
    todo={
      Object {
        "description": "Aprender React",
        "done": false,
        "id": 1,
      }
    }
  />
  <TodoListItem
    handleDelete={[MockFunction]}
    handleToogle={[MockFunction]}
    i={1}
    key="2"
    todo={
      Object {
        "description": "Aprender Mongo",
        "done": false,
        "id": 2,
      }
    }
  />
</ul>
`;
