// Jest Snapshot v1, https://goo.gl/fbAQLP

exports[`Pruebas sobre <ReactExampleRef/> debe mostrarse correctamente 1`] = `
<div>
  <h1>
    Breaing Bad Cuotes
  </h1>
  <hr />
  <div
    className="alert alert-info text-center"
  >
    Loading
  </div>
  <button
    className="btn btn-primary"
    onClick={[Function]}
  >
    Nueva Frase
  </button>
</div>
`;
