// Jest Snapshot v1, https://goo.gl/fbAQLP

exports[`Pruebas sobre HookApp debe renderizar corectamente 1`] = `
<div>
  <h1>
    Hola
  </h1>
</div>
`;
