// Jest Snapshot v1, https://goo.gl/fbAQLP

exports[`Pruebas sobre <AppRouter /> debe mostarse correctamente  1`] = `
<div>
  <ul
    className="nav"
  >
    <li
      className="nav-item"
    >
      <a
        className="nav-link active"
        href="/"
        onClick={[Function]}
      >
        Use Context
      </a>
    </li>
    <li
      className="nav-item"
    >
      <a
        className="nav-link active"
        href="/"
        onClick={[Function]}
      >
        Home
      </a>
    </li>
    <li
      className="nav-item"
    >
      <a
        className="nav-link "
        href="/about"
        onClick={[Function]}
      >
        About
      </a>
    </li>
    <li
      className="nav-item"
    >
      <a
        className="nav-link "
        href="/login"
        onClick={[Function]}
      >
        Login
      </a>
    </li>
  </ul>
  <div
    className="container"
  >
    <div>
      <h1>
        HomeScreen
      </h1>
      <hr />
      <pre>
        {
   "id": 1,
   "name": "Henry"
}
      </pre>
    </div>
  </div>
</div>
`;
