// Jest Snapshot v1, https://goo.gl/fbAQLP

exports[`Pruebas en <HomeScreen/> debe renderizar correctamente el componente 1`] = `
<div>
  <h1>
    HomeScreen
  </h1>
  <hr />
  <pre>
    {
   "name": "Henry",
   "email": "henry@gmail.com"
}
  </pre>
</div>
`;
